C51 COMPILER V9.02   CPU                                                                   04/06/2011 12:21:20 PAGE 1   


C51 COMPILER V9.02, COMPILATION OF MODULE CPU
OBJECT MODULE PLACED IN .\cpu.obj
COMPILER INVOKED BY: C:\Keil\C51\BIN\C51.EXE ..\..\hal\nrf24lu1p\cpu.c BROWSE INCDIR(..\..\hal\nrf24l01p;..\..\hal;..\..
                    -\compiler\c51;..\..\hal\nrf24le1) DEFINE(MCU_NRF24LE1) DEBUG OBJECTEXTEND PRINT(.\cpu.lst) OBJECT(.\cpu.obj)

line level    source

   1          /* Copyright (c) 2009 Nordic Semiconductor. All Rights Reserved.
   2           *
   3           * The information contained herein is confidential property of Nordic 
   4           * Semiconductor ASA.Terms and conditions of usage are described in detail 
   5           * in NORDIC SEMICONDUCTOR STANDARD SOFTWARE LICENSE AGREEMENT. 
   6           *
   7           * Licensees are granted free, non-transferable use of the information. NO
   8           * WARRENTY of ANY KIND is provided. This heading must NOT be removed from
   9           * the file.
  10           *              
  11           * $LastChangedRevision: 5717 $
  12           */
  13          
  14          /** @file
  15           * @brief Implementation of the cpu module for nRF24LU1+
  16           */
  17          
  18          #include <Nordic\reg24lu1.h>
  19          #include "nordic_common.h"
  20          #include "cpu.h"
  21          
  22          void cpu_pwr_down(void)
  23          {
  24   1        PWRDWN = 1;
  25   1      }
  26          
  27          void cpu_set_clock_frequency(uint8_t cf)
  28          {
  29   1        uint8_t temp = CLKCTL;
  30   1      
  31   1        // Clock frequnecy is defined by bits 6-4 in CLKCTL
  32   1        temp &= ~(BIT_6 | BIT_5 | BIT_4);
  33   1        temp |= cf & (BIT_6 | BIT_5 | BIT_4);
  34   1        
  35   1        F0 = EA;
  36   1        EA = 0;
  37   1        CLKCTL = temp;
  38   1        EA = F0;
  39   1      }
  40          


MODULE INFORMATION:   STATIC OVERLAYABLE
   CODE SIZE        =     27    ----
   CONSTANT SIZE    =   ----    ----
   XDATA SIZE       =   ----    ----
   PDATA SIZE       =   ----    ----
   DATA SIZE        =   ----    ----
   IDATA SIZE       =   ----    ----
   BIT SIZE         =   ----    ----
END OF MODULE INFORMATION.


C51 COMPILATION COMPLETE.  0 WARNING(S),  0 ERROR(S)
