C51 COMPILER V9.03   LED                                                                   06/20/2011 19:43:21 PAGE 1   


C51 COMPILER V9.03, COMPILATION OF MODULE LED
OBJECT MODULE PLACED IN led.OBJ
COMPILER INVOKED BY: C:\Keil\C51\BIN\C51.EXE led.c LARGE BROWSE MODC2 MDU_R515 INCDIR(..\hal\nrf24l01p;..\hal;..\compile
                    -r\c51;..\hal\nrf24le1;..\compiler\common) DEFINE(MCU_NRF24LE1) DEBUG OBJECTEXTEND

line level    source

   1          #include "hardware.h"
   2          #include "led.h"
   3          #include <intrins.h>
   4          
   5          void prog_led(uint8_t amp)
   6          {
   7   1              uint8_t il = 0;
   8   1      
   9   1              if(amp>14)
  10   1                      amp = 14;
  11   1      
  12   1              amp = (amp<<1);
  13   1              LED_CTRL_PIN = 0;
  14   1      
  15   1              for(il = 1; il<amp; ++il)
  16   1              {
  17   2                      _nop_();
  18   2                      _nop_();
  19   2                      LED_CTRL_PIN ^= 0x01;                   
  20   2              }
  21   1      
  22   1      }


MODULE INFORMATION:   STATIC OVERLAYABLE
   CODE SIZE        =     32    ----
   CONSTANT SIZE    =   ----    ----
   XDATA SIZE       =   ----    ----
   PDATA SIZE       =   ----    ----
   DATA SIZE        =   ----    ----
   IDATA SIZE       =   ----    ----
   BIT SIZE         =   ----    ----
END OF MODULE INFORMATION.


C51 COMPILATION COMPLETE.  0 WARNING(S),  0 ERROR(S)
